TAP version 13
# Subtest: committed POST with a lost response is resolved from its durable request key
ok 1 - committed POST with a lost response is resolved from its durable request key
  ---
  duration_ms: 63.30621
  type: 'test'
  ...
# Subtest: static UI, bootstrap and CSP are served
ok 2 - static UI, bootstrap and CSP are served
  ---
  duration_ms: 12.431515
  type: 'test'
  ...
# Subtest: write without control token is rejected
ok 3 - write without control token is rejected
  ---
  duration_ms: 3.751962
  type: 'test'
  ...
# Subtest: non-ASCII control token is rejected without a server exception
ok 4 - non-ASCII control token is rejected without a server exception
  ---
  duration_ms: 5.317159
  type: 'test'
  ...
# Subtest: cross-site write is rejected even with a token
ok 5 - cross-site write is rejected even with a token
  ---
  duration_ms: 3.999103
  type: 'test'
  ...
# Subtest: DNS-rebinding Host is rejected
ok 6 - DNS-rebinding Host is rejected
  ---
  duration_ms: 8.548827
  type: 'test'
  ...
# Subtest: missing idempotency key is rejected
ok 7 - missing idempotency key is rejected
  ---
  duration_ms: 4.132625
  type: 'test'
  ...
# Subtest: malformed JSON and unsupported body fields fail explicitly
ok 8 - malformed JSON and unsupported body fields fail explicitly
  ---
  duration_ms: 5.825204
  type: 'test'
  ...
# Subtest: body size limit returns 413 without creating a task
ok 9 - body size limit returns 413 without creating a task
  ---
  duration_ms: 5.111199
  type: 'test'
  ...
# Subtest: three parallel HTTP submissions with same key create one task
ok 10 - three parallel HTTP submissions with same key create one task
  ---
  duration_ms: 14.982267
  type: 'test'
  ...
# Subtest: stale revision receives 409 and original data survives
ok 11 - stale revision receives 409 and original data survives
  ---
  duration_ms: 9.718198
  type: 'test'
  ...
# Subtest: snapshot supports conditional reads and validates pagination
ok 12 - snapshot supports conditional reads and validates pagination
  ---
  duration_ms: 10.112412
  type: 'test'
  ...
# Subtest: SSE resumes from a persisted cursor
ok 13 - SSE resumes from a persisted cursor
  ---
  duration_ms: 255.383906
  type: 'test'
  ...
# Subtest: evidence export contains a valid retained event chain
ok 14 - evidence export contains a valid retained event chain
  ---
  duration_ms: 3.871422
  type: 'test'
  ...
# Subtest: a live stalled worker submits after takeover and is actually fenced out
ok 15 - a live stalled worker submits after takeover and is actually fenced out
  ---
  duration_ms: 5100.30325
  type: 'test'
  ...
# Subtest: four independent processes drain 240 tasks with no missing or duplicate receipts
ok 16 - four independent processes drain 240 tasks with no missing or duplicate receipts
  ---
  duration_ms: 641.685406
  type: 'test'
  ...
# Subtest: SIGKILL is real: expired attempt is replaced and only one receipt is committed
ok 17 - SIGKILL is real: expired attempt is replaced and only one receipt is committed
  ---
  duration_ms: 3813.970129
  type: 'test'
  ...
# Subtest: controller restart preserves tasks, pause state and idempotency records
ok 18 - controller restart preserves tasks, pause state and idempotency records
  ---
  duration_ms: 175.482929
  type: 'test'
  ...
# Subtest: hard controller death disconnects orphan workers; a new controller resumes persisted jobs
ok 19 - hard controller death disconnects orphan workers; a new controller resumes persisted jobs
  ---
  duration_ms: 572.118861
  type: 'test'
  ...
# Subtest: unfinished experiments remain pending; real completion passes their checks
ok 20 - unfinished experiments remain pending; real completion passes their checks
  ---
  duration_ms: 8.726243
  type: 'test'
  ...
# Subtest: dead-letter proof remains available after a successful new generation
ok 21 - dead-letter proof remains available after a successful new generation
  ---
  duration_ms: 8.227653
  type: 'test'
  ...
# Subtest: missing stale-worker rejection becomes a failed proof, never an endless green pending state
ok 22 - missing stale-worker rejection becomes a failed proof, never an endless green pending state
  ---
  duration_ms: 0.440834
  type: 'test'
  ...
# Subtest: expired experiment records are pruned together with their retained jobs
ok 23 - expired experiment records are pruned together with their retained jobs
  ---
  duration_ms: 3.174982
  type: 'test'
  ...
# Subtest: same intent creates one durable task across two connections
ok 24 - same intent creates one durable task across two connections
  ---
  duration_ms: 9.99865
  type: 'test'
  ...
# Subtest: same idempotency key with different content is a conflict
ok 25 - same idempotency key with different content is a conflict
  ---
  duration_ms: 5.327534
  type: 'test'
  ...
# Subtest: canonical defaults and property order identify the same request
ok 26 - canonical defaults and property order identify the same request
  ---
  duration_ms: 3.252248
  type: 'test'
  ...
# Subtest: invalid data does not overwrite or append a job
ok 27 - invalid data does not overwrite or append a job
  ---
  duration_ms: 3.593583
  type: 'test'
  ...
# Subtest: priority applies only to due jobs; delayed tasks cannot be claimed early
ok 28 - priority applies only to due jobs; delayed tasks cannot be claimed early
  ---
  duration_ms: 6.813513
  type: 'test'
  ...
# Subtest: two connections cannot claim the same live lease
ok 29 - two connections cannot claim the same live lease
  ---
  duration_ms: 4.356933
  type: 'test'
  ...
# Subtest: wrong owner and token cannot renew or commit
ok 30 - wrong owner and token cannot renew or commit
  ---
  duration_ms: 4.167207
  type: 'test'
  ...
# Subtest: lease expiry is recovered and a stale worker cannot overwrite a new owner
ok 31 - lease expiry is recovered and a stale worker cannot overwrite a new owner
  ---
  duration_ms: 6.456395
  type: 'test'
  ...
# Subtest: expired lease cannot be renewed or committed before a sweeper runs
ok 32 - expired lease cannot be renewed or committed before a sweeper runs
  ---
  duration_ms: 3.683117
  type: 'test'
  ...
# Subtest: heartbeat extends an active lease
ok 33 - heartbeat extends an active lease
  ---
  duration_ms: 2.762671
  type: 'test'
  ...
# Subtest: retry budget, exponential delay and jitter are enforced
ok 34 - retry budget, exponential delay and jitter are enforced
  ---
  duration_ms: 12.612262
  type: 'test'
  ...
# Subtest: revision conflict rejects a stale action without changing the job
ok 35 - revision conflict rejects a stale action without changing the job
  ---
  duration_ms: 4.519227
  type: 'test'
  ...
# Subtest: cancel fences in-flight work; repeated cancel is idempotent
ok 36 - cancel fences in-flight work; repeated cancel is idempotent
  ---
  duration_ms: 4.00975
  type: 'test'
  ...
# Subtest: dead-letter replay retains history and advances the generation
ok 37 - dead-letter replay retains history and advances the generation
  ---
  duration_ms: 5.967899
  type: 'test'
  ...
# Subtest: successful task cannot be replayed into duplicate side effects
ok 38 - successful task cannot be replayed into duplicate side effects
  ---
  duration_ms: 2.939708
  type: 'test'
  ...
# Subtest: pause prevents new claims but permits in-flight commits
ok 39 - pause prevents new claims but permits in-flight commits
  ---
  duration_ms: 5.541346
  type: 'test'
  ...
# Subtest: duplicate experiment invokes actual deduplication and yields one job
ok 40 - duplicate experiment invokes actual deduplication and yields one job
  ---
  duration_ms: 4.50188
  type: 'test'
  ...
# Subtest: receipt and success commit atomically, and duplicate completion is rejected
ok 41 - receipt and success commit atomically, and duplicate completion is rejected
  ---
  duration_ms: 5.15145
  type: 'test'
  ...
# Subtest: event chain detects modified payloads
ok 42 - event chain detects modified payloads
  ---
  duration_ms: 2.594127
  type: 'test'
  ...
# Subtest: retention preserves live jobs and advances the chain anchor
ok 43 - retention preserves live jobs and advances the chain anchor
  ---
  duration_ms: 4.421039
  type: 'test'
  ...
# Subtest: keyset pagination returns disjoint pages and supports state filters
ok 44 - keyset pagination returns disjoint pages and supports state filters
  ---
  duration_ms: 26.21055
  type: 'test'
  ...
# Subtest: SQL-looking labels remain data
ok 45 - SQL-looking labels remain data
  ---
  duration_ms: 2.606606
  type: 'test'
  ...
# Subtest: handlers return real summaries and reject invalid numeric input
ok 46 - handlers return real summaries and reject invalid numeric input
  ---
  duration_ms: 0.428135
  type: 'test'
  ...
1..46
# tests 46
# suites 0
# pass 46
# fail 0
# cancelled 0
# skipped 0
# todo 0
# duration_ms 10394.500043
