TAP version 13
# Subtest: doctor rejects stored job kind that disagrees with its definition
not ok 1 - doctor rejects stored job kind that disagrees with its definition
  ---
  duration_ms: 77.806
  type: 'test'
  location: 'D:\\Codex存储文件夹\\2026-10-04\\https-chatgpt-com-share-6ac25f8f-b1f0-2\\work\\faultline-lab\\tests\\diagnostics.test.mjs:54:3'
  failureType: 'testCodeFailure'
  error: |-
    Expected values to be strictly equal:
    
    'pass' !== 'fail'
    
  code: 'ERR_ASSERTION'
  name: 'AssertionError'
  expected: 'fail'
  actual: 'pass'
  operator: 'strictEqual'
  stack: |-
    TestContext.<anonymous> (file:///D:/Codex%E5%AD%98%E5%82%A8%E6%96%87%E4%BB%B6%E5%A4%B9/2026-10-04/https-chatgpt-com-share-6ac25f8f-b1f0-2/work/faultline-lab/tests/diagnostics.test.mjs:63:12)
    Test.runInAsyncScope (node:async_hooks:227:14)
    Test.run (node:internal/test_runner/test:1306:25)
    Test.start (node:internal/test_runner/test:1177:17)
    startSubtestAfterBootstrap (node:internal/test_runner/harness:385:17)
  ...
# Subtest: doctor rejects stored job label that disagrees with its definition
not ok 2 - doctor rejects stored job label that disagrees with its definition
  ---
  duration_ms: 61.702
  type: 'test'
  location: 'D:\\Codex存储文件夹\\2026-10-04\\https-chatgpt-com-share-6ac25f8f-b1f0-2\\work\\faultline-lab\\tests\\diagnostics.test.mjs:54:3'
  failureType: 'testCodeFailure'
  error: |-
    Expected values to be strictly equal:
    
    'pass' !== 'fail'
    
  code: 'ERR_ASSERTION'
  name: 'AssertionError'
  expected: 'fail'
  actual: 'pass'
  operator: 'strictEqual'
  stack: |-
    TestContext.<anonymous> (file:///D:/Codex%E5%AD%98%E5%82%A8%E6%96%87%E4%BB%B6%E5%A4%B9/2026-10-04/https-chatgpt-com-share-6ac25f8f-b1f0-2/work/faultline-lab/tests/diagnostics.test.mjs:63:12)
    Test.runInAsyncScope (node:async_hooks:227:14)
    Test.run (node:internal/test_runner/test:1306:25)
    Test.processPendingSubtests (node:internal/test_runner/test:897:18)
    Test.postRun (node:internal/test_runner/test:1447:19)
    Test.run (node:internal/test_runner/test:1372:12)
    async startSubtestAfterBootstrap (node:internal/test_runner/harness:385:3)
  ...
# Subtest: doctor rejects stored job priority that disagrees with its definition
not ok 3 - doctor rejects stored job priority that disagrees with its definition
  ---
  duration_ms: 68.1523
  type: 'test'
  location: 'D:\\Codex存储文件夹\\2026-10-04\\https-chatgpt-com-share-6ac25f8f-b1f0-2\\work\\faultline-lab\\tests\\diagnostics.test.mjs:54:3'
  failureType: 'testCodeFailure'
  error: |-
    Expected values to be strictly equal:
    
    'pass' !== 'fail'
    
  code: 'ERR_ASSERTION'
  name: 'AssertionError'
  expected: 'fail'
  actual: 'pass'
  operator: 'strictEqual'
  stack: |-
    TestContext.<anonymous> (file:///D:/Codex%E5%AD%98%E5%82%A8%E6%96%87%E4%BB%B6%E5%A4%B9/2026-10-04/https-chatgpt-com-share-6ac25f8f-b1f0-2/work/faultline-lab/tests/diagnostics.test.mjs:63:12)
    Test.runInAsyncScope (node:async_hooks:227:14)
    Test.run (node:internal/test_runner/test:1306:25)
    Test.processPendingSubtests (node:internal/test_runner/test:897:18)
    Test.postRun (node:internal/test_runner/test:1447:19)
    Test.run (node:internal/test_runner/test:1372:12)
    async Test.processPendingSubtests (node:internal/test_runner/test:897:7)
  ...
# Subtest: doctor rejects stored job max_attempts that disagrees with its definition
not ok 4 - doctor rejects stored job max_attempts that disagrees with its definition
  ---
  duration_ms: 64.656
  type: 'test'
  location: 'D:\\Codex存储文件夹\\2026-10-04\\https-chatgpt-com-share-6ac25f8f-b1f0-2\\work\\faultline-lab\\tests\\diagnostics.test.mjs:54:3'
  failureType: 'testCodeFailure'
  error: |-
    Expected values to be strictly equal:
    
    'pass' !== 'fail'
    
  code: 'ERR_ASSERTION'
  name: 'AssertionError'
  expected: 'fail'
  actual: 'pass'
  operator: 'strictEqual'
  stack: |-
    TestContext.<anonymous> (file:///D:/Codex%E5%AD%98%E5%82%A8%E6%96%87%E4%BB%B6%E5%A4%B9/2026-10-04/https-chatgpt-com-share-6ac25f8f-b1f0-2/work/faultline-lab/tests/diagnostics.test.mjs:63:12)
    Test.runInAsyncScope (node:async_hooks:227:14)
    Test.run (node:internal/test_runner/test:1306:25)
    Test.processPendingSubtests (node:internal/test_runner/test:897:18)
    Test.postRun (node:internal/test_runner/test:1447:19)
    Test.run (node:internal/test_runner/test:1372:12)
    async Test.processPendingSubtests (node:internal/test_runner/test:897:7)
  ...
1..4
# tests 4
# suites 0
# pass 0
# fail 4
# cancelled 0
# skipped 0
# todo 0
# duration_ms 397.79
