TAP version 13
# Subtest: a live stalled worker submits after takeover and is actually fenced out
ok 1 - a live stalled worker submits after takeover and is actually fenced out
  ---
  duration_ms: 5115.873
  type: 'test'
  ...
# Subtest: four independent processes drain 240 tasks with no missing or duplicate receipts
ok 2 - four independent processes drain 240 tasks with no missing or duplicate receipts
  ---
  duration_ms: 3253.8038
  type: 'test'
  ...
# Subtest: SIGKILL is real: expired attempt is replaced and only one receipt is committed
ok 3 - SIGKILL is real: expired attempt is replaced and only one receipt is committed
  ---
  duration_ms: 3832.0525
  type: 'test'
  ...
# Subtest: controller restart preserves tasks, pause state and idempotency records
ok 4 - controller restart preserves tasks, pause state and idempotency records
  ---
  duration_ms: 204.6424
  type: 'test'
  ...
# Subtest: hard controller death disconnects orphan workers; a new controller resumes persisted jobs
ok 5 - hard controller death disconnects orphan workers; a new controller resumes persisted jobs
  ---
  duration_ms: 3548.4645
  type: 'test'
  ...
# Subtest: experiment proof rejects unrelated, repeated and non-successful jobs with receipts
ok 6 - experiment proof rejects unrelated, repeated and non-successful jobs with receipts
  ---
  duration_ms: 8.0069
  type: 'test'
  ...
# Subtest: experiment proof binds the current receipt to the successful lease and attempt
ok 7 - experiment proof binds the current receipt to the successful lease and attempt
  ---
  duration_ms: 4.2844
  type: 'test'
  ...
# Subtest: the six original public recordings still pass shared experiment proof
ok 8 - the six original public recordings still pass shared experiment proof
  ---
  duration_ms: 0.9228
  type: 'test'
  ...
# Subtest: unfinished experiments remain pending; real completion passes their checks
ok 9 - unfinished experiments remain pending; real completion passes their checks
  ---
  duration_ms: 3.4497
  type: 'test'
  ...
# Subtest: dead-letter proof remains available after a successful new generation
ok 10 - dead-letter proof remains available after a successful new generation
  ---
  duration_ms: 4.8106
  type: 'test'
  ...
# Subtest: missing stale-worker rejection becomes a failed proof, never an endless green pending state
ok 11 - missing stale-worker rejection becomes a failed proof, never an endless green pending state
  ---
  duration_ms: 2.8167
  type: 'test'
  ...
# Subtest: expired experiment records are pruned together with their retained jobs
ok 12 - expired experiment records are pruned together with their retained jobs
  ---
  duration_ms: 1.8918
  type: 'test'
  ...
# Subtest: portable verifier rejects changed payloads, wrong counts, gaps and missing structure
ok 13 - portable verifier rejects changed payloads, wrong counts, gaps and missing structure
  ---
  duration_ms: 1.8018
  type: 'test'
  ...
# Subtest: a concurrent commit cannot splice two database versions into one experiment proof
ok 14 - a concurrent commit cannot splice two database versions into one experiment proof
  ---
  duration_ms: 52.1631
  type: 'test'
  ...
1..14
# tests 14
# suites 0
# pass 14
# fail 0
# cancelled 0
# skipped 0
# todo 0
# duration_ms 16095.372
