TAP version 13
# Subtest: numeric summaries retain a small residual in every order of large cancelling inputs
ok 1 - numeric summaries retain a small residual in every order of large cancelling inputs
  ---
  duration_ms: 1.7853
  type: 'test'
  ...
# Subtest: numeric summaries round the exact binary sum once, including ties and subnormal values
ok 2 - numeric summaries round the exact binary sum once, including ties and subnormal values
  ---
  duration_ms: 0.2614
  type: 'test'
  ...
# Subtest: the 2,000-value limit preserves repeated residuals and exact cancellation
ok 3 - the 2,000-value limit preserves repeated residuals and exact cancellation
  ---
  duration_ms: 3.366
  type: 'test'
  ...
# Subtest: seeded numeric permutations agree with an independent fixed-grid integer oracle
ok 4 - seeded numeric permutations agree with an independent fixed-grid integer oracle
  ---
  duration_ms: 59.3975
  type: 'test'
  ...
# Subtest: a real HTTP worker commits the corrected numeric result once and retains it after restart
ok 5 - a real HTTP worker commits the corrected numeric result once and retains it after restart
  ---
  duration_ms: 231.2674
  type: 'test'
  ...
1..5
# tests 5
# suites 0
# pass 5
# fail 0
# cancelled 0
# skipped 0
# todo 0
# duration_ms 431.5069
