TAP version 13
# Subtest: a real worker storage-commit error is not reported as a handler failure
not ok 1 - a real worker storage-commit error is not reported as a handler failure
  ---
  duration_ms: 292.809638
  type: 'test'
  location: '/workspace/scratch/f5f176fc7345/faultline/tests/resilience.test.mjs:188:1'
  failureType: 'testCodeFailure'
  error: |-
    Storage failure leaves the lease for recovery; it is not a business retry.
    + actual - expected
    
    + 'retry_wait'
    - 'running'
    
  code: 'ERR_ASSERTION'
  name: 'AssertionError'
  expected: 'running'
  actual: 'retry_wait'
  operator: 'strictEqual'
  stack: |-
    TestContext.<anonymous> (file:///workspace/scratch/f5f176fc7345/faultline/tests/resilience.test.mjs:196:10)
    async Test.run (node:internal/test_runner/test:1389:7)
    async startSubtestAfterBootstrap (node:internal/test_runner/harness:387:3)
  ...
1..1
# tests 1
# suites 0
# pass 0
# fail 1
# cancelled 0
# skipped 0
# todo 0
# duration_ms 385.425199
