TAP version 13
# Subtest: read-only doctor checks a healthy database without changing any logical record
ok 1 - read-only doctor checks a healthy database without changing any logical record
  ---
  duration_ms: 33.607687
  type: 'test'
  ...
# Subtest: read-only doctor does not create a missing database or its parent directory
ok 2 - read-only doctor does not create a missing database or its parent directory
  ---
  duration_ms: 5.361059
  type: 'test'
  ...
# Subtest: read-only doctor leaves legacy schema metadata untouched
ok 3 - read-only doctor leaves legacy schema metadata untouched
  ---
  duration_ms: 8.049921
  type: 'test'
  ...
# Subtest: missing successful receipt is detected even while event hashes remain valid
ok 4 - missing successful receipt is detected even while event hashes remain valid
  ---
  duration_ms: 10.436355
  type: 'test'
  ...
# Subtest: a receipt from a losing token and a dangling running attempt fail distinct checks
ok 5 - a receipt from a losing token and a dangling running attempt fail distinct checks
  ---
  duration_ms: 4.58964
  type: 'test'
  ...
# Subtest: expired leases warn without recovering or consuming attempts
ok 6 - expired leases warn without recovering or consuming attempts
  ---
  duration_ms: 8.223306
  type: 'test'
  ...
# Subtest: deleting every retained event cannot be mistaken for an empty valid ledger
ok 7 - deleting every retained event cannot be mistaken for an empty valid ledger
  ---
  duration_ms: 6.203
  type: 'test'
  ...
# Subtest: an exactly pruned empty chain stays valid and the next append keeps its boundary
ok 8 - an exactly pruned empty chain stays valid and the next append keeps its boundary
  ---
  duration_ms: 10.457364
  type: 'test'
  ...
# Subtest: unknown legacy empty prefixes stay unverified instead of blessing lost tail data
ok 9 - unknown legacy empty prefixes stay unverified instead of blessing lost tail data
  ---
  duration_ms: 2.71542
  type: 'test'
  ...
# Subtest: portable evidence rejects forged range start and truncated tail even with matching counts
not ok 10 - portable evidence rejects forged range start and truncated tail even with matching counts
  ---
  duration_ms: 9.087286
  type: 'test'
  location: '/workspace/scratch/f5f176fc7345/faultline/tests/diagnostics.test.mjs:50:1'
  failureType: 'testCodeFailure'
  error: 'Missing expected rejection.'
  code: 'ERR_ASSERTION'
  name: 'AssertionError'
  operator: 'rejects'
  stack: |-
    async TestContext.<anonymous> (file:///workspace/scratch/f5f176fc7345/faultline/tests/diagnostics.test.mjs:52:276)
    async Test.run (node:internal/test_runner/test:1389:7)
    async Test.processPendingSubtests (node:internal/test_runner/test:960:7)
  ...
# Subtest: malformed event JSON is diagnosed as failure rather than rewritten
ok 11 - malformed event JSON is diagnosed as failure rather than rewritten
  ---
  duration_ms: 2.894905
  type: 'test'
  ...
# Subtest: untyped callers cannot commit a result that violates the typed successful state
ok 12 - untyped callers cannot commit a result that violates the typed successful state
  ---
  duration_ms: 3.303935
  type: 'test'
  ...
# Subtest: HTTP diagnostics is observation only and exposes no inputs, control token or database path
ok 13 - HTTP diagnostics is observation only and exposes no inputs, control token or database path
  ---
  duration_ms: 68.737424
  type: 'test'
  ...
# Subtest: independent state oracle checks 16 deterministic seeds across connections and restart
not ok 14 - independent state oracle checks 16 deterministic seeds across connections and restart
  ---
  duration_ms: 288.011918
  type: 'test'
  location: '/workspace/scratch/f5f176fc7345/faultline/tests/model.test.mjs:5:1'
  failureType: 'testCodeFailure'
  error: |-
    Expected values to be strictly deep-equal:
    + actual - expected
    
      [
    +   [Object: null prototype] {
    -   {
          committed_at: 1700000010000,
          generation: 0,
          token: 1
        }
      ]
    
  code: 'ERR_ASSERTION'
  name: 'AssertionError'
  expected:
    0:
      generation: 0
      token: 1
      committed_at: 1700000010000
  actual:
    0:
      generation: 0
      token: 1
      committed_at: 1700000010000
  operator: 'deepStrictEqual'
  stack: |-
    compare (file:///workspace/scratch/f5f176fc7345/faultline/tests/model/runner.mjs:20:12)
    runModel (file:///workspace/scratch/f5f176fc7345/faultline/tests/model/runner.mjs:74:7)
    TestContext.<anonymous> (file:///workspace/scratch/f5f176fc7345/faultline/tests/model.test.mjs:6:46)
    Test.runInAsyncScope (node:async_hooks:227:14)
    Test.run (node:internal/test_runner/test:1382:25)
    Test.start (node:internal/test_runner/test:1242:17)
    startSubtestAfterBootstrap (node:internal/test_runner/harness:387:17)
  ...
# Subtest: the independent oracle detects a worker accepting every stale renewal
ok 15 - the independent oracle detects a worker accepting every stale renewal
  ---
  duration_ms: 52.68986
  type: 'test'
  ...
# Subtest: the independent oracle detects successful responses fabricated for stale commits
ok 16 - the independent oracle detects successful responses fabricated for stale commits
  ---
  duration_ms: 10.033068
  type: 'test'
  ...
1..16
# tests 16
# suites 0
# pass 14
# fail 2
# cancelled 0
# skipped 0
# todo 0
# duration_ms 868.087068
